PS C:\Users\RANIT\Desktop\git demo> git --version
git version 2.49.0.windows.1
PS C:\Users\RANIT\Desktop\git demo> git clone https://github.com/Ranit-2312/First-Repo.git
Cloning into 'First-Repo'...
remote: Enumerating objects: 9, done.
remote: Counting objects: 100% (9/9), done.
remote: Compressing objects: 100% (5/5), done.
remote: Total 9 (delta 0), reused 0 (delta 0), pack-reused 0 (from 0)
Receiving objects: 100% (9/9), done.
PS C:\Users\RANIT\Desktop\git demo> cd First-Repo
PS C:\Users\RANIT\Desktop\git demo\First-Repo> ls


    Directory: C:\Users\RANIT\Desktop\git demo\First-Repo


Mode                 LastWriteTime         Length Name
----                 -------------         ------ ----
-a----        14-07-2025     13:04             78 README.md


PS C:\Users\RANIT\Desktop\git demo\First-Repo> ls -a
Get-ChildItem : Parameter cannot be processed because the parameter name 'a' is ambiguous. Possible matches include: 
-Attributes -Directory -File -Hidden -ReadOnly -System.
At line:1 char:4
+ ls -a
+    ~~
    + CategoryInfo          : InvalidArgument: (:) [Get-ChildItem], ParameterBindingException
    + FullyQualifiedErrorId : AmbiguousParameter,Microsoft.PowerShell.Commands.GetChildItemCommand

PS C:\Users\RANIT\Desktop\git demo\First-Repo> ls -h


    Directory: C:\Users\RANIT\Desktop\git demo\First-Repo


Mode                 LastWriteTime         Length Name
----                 -------------         ------ ----
d--h--        14-07-2025     13:04                .git


PS C:\Users\RANIT\Desktop\git demo\First-Repo> git status
On branch main
Your branch is up to date with 'origin/main'.

nothing to commit, working tree clean
PS C:\Users\RANIT\Desktop\git demo\First-Repo> git status
On branch main
Your branch is up to date with 'origin/main'.

Changes not staged for commit:
  (use "git add <file>..." to update what will be committed)
  (use "git restore <file>..." to discard changes in working directory)
        modified:   README.md

no changes added to commit (use "git add" and/or "git commit -a")
PS C:\Users\RANIT\Desktop\git demo\First-Repo> git status
On branch main
Your branch is up to date with 'origin/main'.

Changes not staged for commit:
  (use "git add <file>..." to update what will be committed)
  (use "git restore <file>..." to discard changes in working directory)
        modified:   README.md

Untracked files:
  (use "git add <file>..." to include in what will be committed)
        index.html

no changes added to commit (use "git add" and/or "git commit -a")
PS C:\Users\RANIT\Desktop\git demo\First-Repo> git add index.html
PS C:\Users\RANIT\Desktop\git demo\First-Repo> git status
On branch main
Your branch is up to date with 'origin/main'.

Changes to be committed:
  (use "git restore --staged <file>..." to unstage)
        new file:   index.html

Changes not staged for commit:
  (use "git add <file>..." to update what will be committed)
  (use "git restore <file>..." to discard changes in working directory)
        modified:   README.md

PS C:\Users\RANIT\Desktop\git demo\First-Repo> git add .
PS C:\Users\RANIT\Desktop\git demo\First-Repo> GIT STATUS
git: 'STATUS' is not a git command. See 'git --help'.
PS C:\Users\RANIT\Desktop\git demo\First-Repo> git status
On branch main
Your branch is up to date with 'origin/main'.

Changes to be committed:
  (use "git restore --staged <file>..." to unstage)
        modified:   README.md
        new file:   index.html

PS C:\Users\RANIT\Desktop\git demo\First-Repo> git commit -m "Add new paragraph"
[main 568c34c] Add new paragraph
 2 files changed, 2 insertions(+), 1 deletion(-)
 create mode 100644 index.html
PS C:\Users\RANIT\Desktop\git demo\First-Repo> git status
On branch main
Your branch is ahead of 'origin/main' by 1 commit.
  (use "git push" to publish your local commits)

nothing to commit, working tree clean
PS C:\Users\RANIT\Desktop\git demo\First-Repo> git push origin main
info: please complete authentication in your browser...
Enumerating objects: 6, done.
Counting objects: 100% (6/6), done.
Delta compression using up to 16 threads
Compressing objects: 100% (3/3), done.
Writing objects: 100% (4/4), 347 bytes | 347.00 KiB/s, done.
Total 4 (delta 1), reused 0 (delta 0), pack-reused 0 (from 0)
remote: Resolving deltas: 100% (1/1), completed with 1 local object.
To https://github.com/Ranit-2312/First-Repo.git
   040cd1e..568c34c  main -> main
PS C:\Users\RANIT\Desktop\git demo\First-Repo> git push origin main
Everything up-to-date
PS C:\Users\RANIT\Desktop\git demo\First-Repo> cd ..
PS C:\Users\RANIT\Desktop\git demo> mkdir LocalRepo


    Directory: C:\Users\RANIT\Desktop\git demo


Mode                 LastWriteTime         Length Name
----                 -------------         ------ ----
d-----        14-07-2025     15:08                LocalRepo


PS C:\Users\RANIT\Desktop\git demo> cd LocalRepo
PS C:\Users\RANIT\Desktop\git demo\LocalRepo> ls -h
PS C:\Users\RANIT\Desktop\git demo\LocalRepo> git init 
Initialized empty Git repository in C:/Users/RANIT/Desktop/git demo/LocalRepo/.git/
PS C:\Users\RANIT\Desktop\git demo\LocalRepo> ls -h


    Directory: C:\Users\RANIT\Desktop\git demo\LocalRepo


Mode                 LastWriteTime         Length Name
----                 -------------         ------ ----
d--h--        14-07-2025     15:08                .git


PS C:\Users\RANIT\Desktop\git demo\LocalRepo> git status
On branch master

No commits yet

Untracked files:
  (use "git add <file>..." to include in what will be committed)
        index.html
        style.css

nothing added to commit but untracked files present (use "git add" to track)
PS C:\Users\RANIT\Desktop\git demo\LocalRepo> git add .
PS C:\Users\RANIT\Desktop\git demo\LocalRepo> git status
On branch master

No commits yet

Changes to be committed:
  (use "git rm --cached <file>..." to unstage)
        new file:   index.html
        new file:   style.css

PS C:\Users\RANIT\Desktop\git demo\LocalRepo> git commit -m "Add Initial Files"
[master (root-commit) dcd49b0] Add Initial Files
 2 files changed, 4 insertions(+)
 create mode 100644 index.html
 create mode 100644 style.css
PS C:\Users\RANIT\Desktop\git demo\LocalRepo> git status
On branch master
nothing to commit, working tree clean
PS C:\Users\RANIT\Desktop\git demo\LocalRepo> git remote add origin https://github.com/Ranit-2312/LocalRepo.git
PS C:\Users\RANIT\Desktop\git demo\LocalRepo> git remote -v
origin  https://github.com/Ranit-2312/LocalRepo.git (fetch)
origin  https://github.com/Ranit-2312/LocalRepo.git (push)
PS C:\Users\RANIT\Desktop\git demo\LocalRepo> git branch
* master
PS C:\Users\RANIT\Desktop\git demo\LocalRepo> git branch -M main
PS C:\Users\RANIT\Desktop\git demo\LocalRepo> git branch
* main
PS C:\Users\RANIT\Desktop\git demo\LocalRepo> git push -u origin main 
Enumerating objects: 4, done.
Counting objects: 100% (4/4), done.
Delta compression using up to 16 threads
Compressing objects: 100% (2/2), done.
Writing objects: 100% (4/4), 314 bytes | 314.00 KiB/s, done.
Total 4 (delta 0), reused 0 (delta 0), pack-reused 0 (from 0)
To https://github.com/Ranit-2312/LocalRepo.git
 * [new branch]      main -> main
branch 'main' set up to track 'origin/main'.
PS C:\Users\RANIT\Desktop\git demo\LocalRepo> git status
On branch main
Your branch is up to date with 'origin/main'.

Untracked files:
  (use "git add <file>..." to include in what will be committed)
        README.md

nothing added to commit but untracked files present (use "git add" to track)
PS C:\Users\RANIT\Desktop\git demo\LocalRepo> git add .
PS C:\Users\RANIT\Desktop\git demo\LocalRepo> cit commit -m "Add readme file"
cit : The term 'cit' is not recognized as the name of a cmdlet, function, script file, or operable program. Check the 
spelling of the name, or if a path was included, verify that the path is correct and try again.
At line:1 char:1
+ cit commit -m "Add readme file"
+ ~~~
    + CategoryInfo          : ObjectNotFound: (cit:String) [], CommandNotFoundException
    + FullyQualifiedErrorId : CommandNotFoundException

PS C:\Users\RANIT\Desktop\git demo\LocalRepo> git commit -m "Add Readme File"
[main 6e73244] Add Readme File
 1 file changed, 1 insertion(+)
 create mode 100644 README.md
PS C:\Users\RANIT\Desktop\git demo\LocalRepo> git push
Enumerating objects: 4, done.
Counting objects: 100% (4/4), done.
Delta compression using up to 16 threads
Compressing objects: 100% (2/2), done.
Writing objects: 100% (3/3), 340 bytes | 340.00 KiB/s, done.
Total 3 (delta 0), reused 0 (delta 0), pack-reused 0 (from 0)
To https://github.com/Ranit-2312/LocalRepo.git
   dcd49b0..6e73244  main -> main
PS C:\Users\RANIT\Desktop\git demo\LocalRepo> git add .
PS C:\Users\RANIT\Desktop\git demo\LocalRepo> git commit -m "Fixed README.md" 
[main 00c2b9a] Fixed README.md
 1 file changed, 1 insertion(+), 1 deletion(-)
PS C:\Users\RANIT\Desktop\git demo\LocalRepo> git post
git: 'post' is not a git command. See 'git --help'.

The most similar command is
        push
PS C:\Users\RANIT\Desktop\git demo\LocalRepo> git push
Enumerating objects: 5, done.
Counting objects: 100% (5/5), done.
Delta compression using up to 16 threads
Compressing objects: 100% (2/2), done.
Writing objects: 100% (3/3), 346 bytes | 346.00 KiB/s, done.
Total 3 (delta 0), reused 0 (delta 0), pack-reused 0 (from 0)
To https://github.com/Ranit-2312/LocalRepo.git
   6e73244..00c2b9a  main -> main
PS C:\Users\RANIT\Desktop\git demo\LocalRepo> 