PS C:\Users\RANIT\Desktop\git demo> git --version
git version 2.49.0.windows.1
PS C:\Users\RANIT\Desktop\git demo> git clone https://github.com/Ranit-2312/First-Repo.git
Cloning into 'First-Repo'...
remote: Enumerating objects: 9, done.
remote: Counting objects: 100% (9/9), done.
remote: Compressing objects: 100% (5/5), done.
remote: Total 9 (delta 0), reused 0 (delta 0), pack-reused 0 (from 0)
Receiving objects: 100% (9/9), done.
PS C:\Users\RANIT\Desktop\git demo> cd First-Repo
PS C:\Users\RANIT\Desktop\git demo\First-Repo> ls


    Directory: C:\Users\RANIT\Desktop\git demo\First-Repo


Mode                 LastWriteTime         Length Name
----                 -------------         ------ ----
-a----        14-07-2025     13:04             78 README.md


PS C:\Users\RANIT\Desktop\git demo\First-Repo> ls -a
Get-ChildItem : Parameter cannot be processed because the parameter name 'a' is ambiguous. Possible matches include: 
-Attributes -Directory -File -Hidden -ReadOnly -System.
At line:1 char:4
+ ls -a
+    ~~
    + CategoryInfo          : InvalidArgument: (:) [Get-ChildItem], ParameterBindingException
    + FullyQualifiedErrorId : AmbiguousParameter,Microsoft.PowerShell.Commands.GetChildItemCommand

PS C:\Users\RANIT\Desktop\git demo\First-Repo> ls -h


    Directory: C:\Users\RANIT\Desktop\git demo\First-Repo


Mode                 LastWriteTime         Length Name
----                 -------------         ------ ----
d--h--        14-07-2025     13:04                .git


PS C:\Users\RANIT\Desktop\git demo\First-Repo> git status
On branch main
Your branch is up to date with 'origin/main'.

nothing to commit, working tree clean
PS C:\Users\RANIT\Desktop\git demo\First-Repo> git status
On branch main
Your branch is up to date with 'origin/main'.

Changes not staged for commit:
  (use "git add <file>..." to update what will be committed)
  (use "git restore <file>..." to discard changes in working directory)
        modified:   README.md

no changes added to commit (use "git add" and/or "git commit -a")
PS C:\Users\RANIT\Desktop\git demo\First-Repo> git status
On branch main
Your branch is up to date with 'origin/main'.

Changes not staged for commit:
  (use "git add <file>..." to update what will be committed)
  (use "git restore <file>..." to discard changes in working directory)
        modified:   README.md

Untracked files:
  (use "git add <file>..." to include in what will be committed)
        index.html

no changes added to commit (use "git add" and/or "git commit -a")
PS C:\Users\RANIT\Desktop\git demo\First-Repo> git add index.html
PS C:\Users\RANIT\Desktop\git demo\First-Repo> git status
On branch main
Your branch is up to date with 'origin/main'.

Changes to be committed:
  (use "git restore --staged <file>..." to unstage)
        new file:   index.html

Changes not staged for commit:
  (use "git add <file>..." to update what will be committed)
  (use "git restore <file>..." to discard changes in working directory)
        modified:   README.md

PS C:\Users\RANIT\Desktop\git demo\First-Repo> git add .
PS C:\Users\RANIT\Desktop\git demo\First-Repo> GIT STATUS
git: 'STATUS' is not a git command. See 'git --help'.
PS C:\Users\RANIT\Desktop\git demo\First-Repo> git status
On branch main
Your branch is up to date with 'origin/main'.

Changes to be committed:
  (use "git restore --staged <file>..." to unstage)
        modified:   README.md
        new file:   index.html

PS C:\Users\RANIT\Desktop\git demo\First-Repo> git commit -m "Add new paragraph"
[main 568c34c] Add new paragraph
 2 files changed, 2 insertions(+), 1 deletion(-)
 create mode 100644 index.html
PS C:\Users\RANIT\Desktop\git demo\First-Repo> git status
On branch main
Your branch is ahead of 'origin/main' by 1 commit.
  (use "git push" to publish your local commits)

nothing to commit, working tree clean
PS C:\Users\RANIT\Desktop\git demo\First-Repo> git push origin main
info: please complete authentication in your browser...
Enumerating objects: 6, done.
Counting objects: 100% (6/6), done.
Delta compression using up to 16 threads
Compressing objects: 100% (3/3), done.
Writing objects: 100% (4/4), 347 bytes | 347.00 KiB/s, done.
Total 4 (delta 1), reused 0 (delta 0), pack-reused 0 (from 0)
remote: Resolving deltas: 100% (1/1), completed with 1 local object.
To https://github.com/Ranit-2312/First-Repo.git
   040cd1e..568c34c  main -> main
PS C:\Users\RANIT\Desktop\git demo\First-Repo> git push origin main
Everything up-to-date
PS C:\Users\RANIT\Desktop\git demo\First-Repo> cd ..
PS C:\Users\RANIT\Desktop\git demo> mkdir LocalRepo


    Directory: C:\Users\RANIT\Desktop\git demo


Mode                 LastWriteTime         Length Name
----                 -------------         ------ ----
d-----        14-07-2025     15:08                LocalRepo


PS C:\Users\RANIT\Desktop\git demo> cd LocalRepo
PS C:\Users\RANIT\Desktop\git demo\LocalRepo> ls -h
PS C:\Users\RANIT\Desktop\git demo\LocalRepo> git init 
Initialized empty Git repository in C:/Users/RANIT/Desktop/git demo/LocalRepo/.git/
PS C:\Users\RANIT\Desktop\git demo\LocalRepo> ls -h


    Directory: C:\Users\RANIT\Desktop\git demo\LocalRepo


Mode                 LastWriteTime         Length Name
----                 -------------         ------ ----
d--h--        14-07-2025     15:08                .git


PS C:\Users\RANIT\Desktop\git demo\LocalRepo> git status
On branch master

No commits yet

Untracked files:
  (use "git add <file>..." to include in what will be committed)
        index.html
        style.css

nothing added to commit but untracked files present (use "git add" to track)
PS C:\Users\RANIT\Desktop\git demo\LocalRepo> git add .
PS C:\Users\RANIT\Desktop\git demo\LocalRepo> git status
On branch master

No commits yet

Changes to be committed:
  (use "git rm --cached <file>..." to unstage)
        new file:   index.html
        new file:   style.css

PS C:\Users\RANIT\Desktop\git demo\LocalRepo> git commit -m "Add Initial Files"
[master (root-commit) dcd49b0] Add Initial Files
 2 files changed, 4 insertions(+)
 create mode 100644 index.html
 create mode 100644 style.css
PS C:\Users\RANIT\Desktop\git demo\LocalRepo> git status
On branch master
nothing to commit, working tree clean
PS C:\Users\RANIT\Desktop\git demo\LocalRepo> git remote add origin https://github.com/Ranit-2312/LocalRepo.git
PS C:\Users\RANIT\Desktop\git demo\LocalRepo> git remote -v
origin  https://github.com/Ranit-2312/LocalRepo.git (fetch)
origin  https://github.com/Ranit-2312/LocalRepo.git (push)
PS C:\Users\RANIT\Desktop\git demo\LocalRepo> git branch
* master
PS C:\Users\RANIT\Desktop\git demo\LocalRepo> git branch -M main
PS C:\Users\RANIT\Desktop\git demo\LocalRepo> git branch
* main
PS C:\Users\RANIT\Desktop\git demo\LocalRepo> git push -u origin main 
Enumerating objects: 4, done.
Counting objects: 100% (4/4), done.
Delta compression using up to 16 threads
Compressing objects: 100% (2/2), done.
Writing objects: 100% (4/4), 314 bytes | 314.00 KiB/s, done.
Total 4 (delta 0), reused 0 (delta 0), pack-reused 0 (from 0)
To https://github.com/Ranit-2312/LocalRepo.git
 * [new branch]      main -> main
branch 'main' set up to track 'origin/main'.
PS C:\Users\RANIT\Desktop\git demo\LocalRepo> git status
On branch main
Your branch is up to date with 'origin/main'.

Untracked files:
  (use "git add <file>..." to include in what will be committed)
        README.md

nothing added to commit but untracked files present (use "git add" to track)
PS C:\Users\RANIT\Desktop\git demo\LocalRepo> git add .
PS C:\Users\RANIT\Desktop\git demo\LocalRepo> cit commit -m "Add readme file"
cit : The term 'cit' is not recognized as the name of a cmdlet, function, script file, or operable program. Check the 
spelling of the name, or if a path was included, verify that the path is correct and try again.
At line:1 char:1
+ cit commit -m "Add readme file"
+ ~~~
    + CategoryInfo          : ObjectNotFound: (cit:String) [], CommandNotFoundException
    + FullyQualifiedErrorId : CommandNotFoundException

PS C:\Users\RANIT\Desktop\git demo\LocalRepo> git commit -m "Add Readme File"
[main 6e73244] Add Readme File
 1 file changed, 1 insertion(+)
 create mode 100644 README.md
PS C:\Users\RANIT\Desktop\git demo\LocalRepo> git push
Enumerating objects: 4, done.
Counting objects: 100% (4/4), done.
Delta compression using up to 16 threads
Compressing objects: 100% (2/2), done.
Writing objects: 100% (3/3), 340 bytes | 340.00 KiB/s, done.
Total 3 (delta 0), reused 0 (delta 0), pack-reused 0 (from 0)
To https://github.com/Ranit-2312/LocalRepo.git
   dcd49b0..6e73244  main -> main
PS C:\Users\RANIT\Desktop\git demo\LocalRepo> git add .
PS C:\Users\RANIT\Desktop\git demo\LocalRepo> git commit -m "Fixed README.md" 
[main 00c2b9a] Fixed README.md
 1 file changed, 1 insertion(+), 1 deletion(-)
PS C:\Users\RANIT\Desktop\git demo\LocalRepo> git post
git: 'post' is not a git command. See 'git --help'.

The most similar command is
        push
PS C:\Users\RANIT\Desktop\git demo\LocalRepo> git push
Enumerating objects: 5, done.
Counting objects: 100% (5/5), done.
Delta compression using up to 16 threads
Compressing objects: 100% (2/2), done.
Writing objects: 100% (3/3), 346 bytes | 346.00 KiB/s, done.
Total 3 (delta 0), reused 0 (delta 0), pack-reused 0 (from 0)
To https://github.com/Ranit-2312/LocalRepo.git
   6e73244..00c2b9a  main -> main
PS C:\Users\RANIT\Desktop\git demo\LocalRepo> 
PS C:\Users\RANIT\Desktop\git demo> git branch
fatal: not a git repository (or any of the parent directories): .git
PS C:\Users\RANIT\Desktop\git demo>
PS C:\Users\RANIT\Desktop\git demo> git branch
fatal: not a git repository (or any of the parent directories): .git
PS C:\Users\RANIT\Desktop\git demo> git branch
PS C:\Users\RANIT\Desktop\git demo> git branch
fatal: not a git repository (or any of the parent directories): .git
PS C:\Users\RANIT\Desktop\git demo> git branch
PS C:\Users\RANIT\Desktop\git demo> git branch
PS C:\Users\RANIT\Desktop\git demo> git branch
PS C:\Users\RANIT\Desktop\git demo> git branch
PS C:\Users\RANIT\Desktop\git demo> git branch
PS C:\Users\RANIT\Desktop\git demo> git branch
PS C:\Users\RANIT\Desktop\git demo> git branch
PS C:\Users\RANIT\Desktop\git demo> git branch
fatal: not a git repository (or any of the parent directories): .git
PS C:\Users\RANIT\Desktop\git demo> git branch
fatal: not a git repository (or any of the parent directories): .git
PS C:\Users\RANIT\Desktop\git demo>
PS C:\Users\RANIT\Desktop\git demo> cd LocalRepo
PS C:\Users\RANIT\Desktop\git demo\LocalRepo> git branch
* main
PS C:\Users\RANIT\Desktop\git demo\LocalRepo> git chechout -b feature1
git: 'chechout' is not a git command. See 'git --help'.

The most similar command is
        checkout
PS C:\Users\RANIT\Desktop\git demo\LocalRepo> git checkout -b feature1
Switched to a new branch 'feature1'
PS C:\Users\RANIT\Desktop\git demo\LocalRepo> git branch
* feature1
  main
PS C:\Users\RANIT\Desktop\git demo\LocalRepo> git checkout main
Switched to branch 'main'
Your branch is up to date with 'origin/main'.
PS C:\Users\RANIT\Desktop\git demo\LocalRepo> git checkout feature1
Switched to branch 'feature1'
PS C:\Users\RANIT\Desktop\git demo\LocalRepo> git checkout -b feature2
Switched to a new branch 'feature2'
PS C:\Users\RANIT\Desktop\git demo\LocalRepo> git checkout feature 1
error: pathspec 'feature' did not match any file(s) known to git
error: pathspec '1' did not match any file(s) known to git
PS C:\Users\RANIT\Desktop\git demo\LocalRepo> git checkout feature1 
Switched to branch 'feature1'
PS C:\Users\RANIT\Desktop\git demo\LocalRepo> git branch
* feature1
  feature2
  main
PS C:\Users\RANIT\Desktop\git demo\LocalRepo> git branch -d feature1 
error: cannot delete branch 'feature1' used by worktree at 'C:/Users/RANIT/Desktop/git demo/LocalRepo'
PS C:\Users\RANIT\Desktop\git demo\LocalRepo> git branch -d feature2
Deleted branch feature2 (was 00c2b9a).
PS C:\Users\RANIT\Desktop\git demo\LocalRepo> git branch
* feature1
  main
PS C:\Users\RANIT\Desktop\git demo\LocalRepo> git add .
PS C:\Users\RANIT\Desktop\git demo\LocalRepo> git commit -m "Add new feature"
[feature1 5ded640] Add new feature
 2 files changed, 248 insertions(+), 1 deletion(-)
 create mode 100644 git tutorial.txt
PS C:\Users\RANIT\Desktop\git demo\LocalRepo> git status
On branch feature1
nothing to commit, working tree clean
PS C:\Users\RANIT\Desktop\git demo\LocalRepo> git checkout main
Switched to branch 'main'
Your branch is up to date with 'origin/main'.
PS C:\Users\RANIT\Desktop\git demo\LocalRepo> git checkut feature1
git: 'checkut' is not a git command. See 'git --help'.

The most similar command is
        checkout
PS C:\Users\RANIT\Desktop\git demo\LocalRepo> git checkout feature1
Switched to branch 'feature1'
PS C:\Users\RANIT\Desktop\git demo\LocalRepo> git push origin feature1
Enumerating objects: 6, done.
Counting objects: 100% (6/6), done.
Delta compression using up to 16 threads
Compressing objects: 100% (4/4), done.
Writing objects: 100% (4/4), 2.32 KiB | 2.32 MiB/s, done.
Total 4 (delta 0), reused 0 (delta 0), pack-reused 0 (from 0)
remote: 
remote: Create a pull request for 'feature1' on GitHub by visiting:
remote:      https://github.com/Ranit-2312/LocalRepo/pull/new/feature1
remote:
To https://github.com/Ranit-2312/LocalRepo.git
 * [new branch]      feature1 -> feature1
PS C:\Users\RANIT\Desktop\git demo\LocalRepo> git diff main
diff --git a/git tutorial.txt b/git tutorial.txt
new file mode 100644
index 0000000..4605d92
diff --git a/git tutorial.txt b/git tutorial.txt
new file mode 100644
index 0000000..4605d92
--- /dev/null
+++ b/git tutorial.txt
@@ -0,0 +1,246 @@
+PS C:\Users\RANIT\Desktop\git demo> git --version
+git version 2.49.0.windows.1
+PS C:\Users\RANIT\Desktop\git demo> git clone https://github.com/Ranit-2312/First-Repo.git
+Cloning into 'First-Repo'...
+remote: Enumerating objects: 9, done.
+remote: Counting objects: 100% (9/9), done.
+remote: Compressing objects: 100% (5/5), done.
+remote: Total 9 (delta 0), reused 0 (delta 0), pack-reused 0 (from 0)
+Receiving objects: 100% (9/9), done.
+PS C:\Users\RANIT\Desktop\git demo> cd First-Repo
...skipping...
diff --git a/git tutorial.txt b/git tutorial.txt
diff --git a/git tutorial.txt b/git tutorial.txt
new file mode 100644
index 0000000..4605d92
--- /dev/null
+++ b/git tutorial.txt
@@ -0,0 +1,246 @@
+PS C:\Users\RANIT\Desktop\git demo> git --version
+git version 2.49.0.windows.1
+PS C:\Users\RANIT\Desktop\git demo> git clone https://github.com/Ranit-2312/First-Repo.git
+Cloning into 'First-Repo'...
+remote: Enumerating objects: 9, done.
+remote: Counting objects: 100% (9/9), done.
+remote: Compressing objects: 100% (5/5), done.
+remote: Total 9 (delta 0), reused 0 (delta 0), pack-reused 0 (from 0)
+Receiving objects: 100% (9/9), done.
+PS C:\Users\RANIT\Desktop\git demo> cd First-Repo
...skipping...
diff --git a/git tutorial.txt b/git tutorial.txt
new file mode 100644
index 0000000..4605d92
--- /dev/null
+++ b/git tutorial.txt
@@ -0,0 +1,246 @@
+PS C:\Users\RANIT\Desktop\git demo> git --version
+git version 2.49.0.windows.1
+PS C:\Users\RANIT\Desktop\git demo> git clone https://github.com/Ranit-2312/First-Repo.git
+Cloning into 'First-Repo'...
+remote: Enumerating objects: 9, done.
+remote: Counting objects: 100% (9/9), done.
+remote: Compressing objects: 100% (5/5), done.
+remote: Total 9 (delta 0), reused 0 (delta 0), pack-reused 0 (from 0)
+Receiving objects: 100% (9/9), done.
+PS C:\Users\RANIT\Desktop\git demo> cd First-Repo
+PS C:\Users\RANIT\Desktop\git demo\First-Repo> ls
+
+
+    Directory: C:\Users\RANIT\Desktop\git demo\First-Repo
+
+
+Mode                 LastWriteTime         Length Name
+----                 -------------         ------ ----
+-a----        14-07-2025     13:04             78 README.md
+
+
+PS C:\Users\RANIT\Desktop\git demo\First-Repo> ls -a
+Get-ChildItem : Parameter cannot be processed because the parameter name 'a' is ambiguous. Possible matches include:     
+-Attributes -Directory -File -Hidden -ReadOnly -System.
+At line:1 char:4
++ ls -a
++    ~~
+    + CategoryInfo          : InvalidArgument: (:) [Get-ChildItem], ParameterBindingException
+    + FullyQualifiedErrorId : AmbiguousParameter,Microsoft.PowerShell.Commands.GetChildItemCommand
+
+PS C:\Users\RANIT\Desktop\git demo\First-Repo> ls -h
+
+
+    Directory: C:\Users\RANIT\Desktop\git demo\First-Repo
+
+
+Mode                 LastWriteTime         Length Name
+----                 -------------         ------ ----
+d--h--        14-07-2025     13:04                .git
+
+
+PS C:\Users\RANIT\Desktop\git demo\First-Repo> git status
+On branch main
+Your branch is up to date with 'origin/main'.
+
+nothing to commit, working tree clean
+PS C:\Users\RANIT\Desktop\git demo\First-Repo> git status
+On branch main
+Your branch is up to date with 'origin/main'.
+
+Changes not staged for commit:
+  (use "git add <file>..." to update what will be committed)
+  (use "git restore <file>..." to discard changes in working directory)
+        modified:   README.md
+
+no changes added to commit (use "git add" and/or "git commit -a")
+PS C:\Users\RANIT\Desktop\git demo\First-Repo> git status
+On branch main
+Your branch is up to date with 'origin/main'.
+
+Changes not staged for commit:
+  (use "git add <file>..." to update what will be committed)
+  (use "git restore <file>..." to discard changes in working directory)
+        modified:   README.md
+
+Untracked files:
+  (use "git add <file>..." to include in what will be committed)
+        index.html
+
+no changes added to commit (use "git add" and/or "git commit -a")
+PS C:\Users\RANIT\Desktop\git demo\First-Repo> git add index.html
+PS C:\Users\RANIT\Desktop\git demo\First-Repo> git status
+On branch main
+Your branch is up to date with 'origin/main'.
+
+Changes to be committed:
+  (use "git restore --staged <file>..." to unstage)
+        new file:   index.html
+
+Changes not staged for commit:
+  (use "git add <file>..." to update what will be committed)
+  (use "git restore <file>..." to discard changes in working directory)
+        modified:   README.md
+
+PS C:\Users\RANIT\Desktop\git demo\First-Repo> git add .
+PS C:\Users\RANIT\Desktop\git demo\First-Repo> GIT STATUS
+git: 'STATUS' is not a git command. See 'git --help'.
+PS C:\Users\RANIT\Desktop\git demo\First-Repo> git status
+On branch main
+Your branch is up to date with 'origin/main'.
+
+Changes to be committed:
+  (use "git restore --staged <file>..." to unstage)
+        modified:   README.md
+        new file:   index.html
+
+PS C:\Users\RANIT\Desktop\git demo\First-Repo> git commit -m "Add new paragraph"
+[main 568c34c] Add new paragraph
+ 2 files changed, 2 insertions(+), 1 deletion(-)
+ create mode 100644 index.html
+PS C:\Users\RANIT\Desktop\git demo\First-Repo> git status
+On branch main
+Your branch is ahead of 'origin/main' by 1 commit.
+  (use "git push" to publish your local commits)
+
+nothing to commit, working tree clean
+PS C:\Users\RANIT\Desktop\git demo\First-Repo> git push origin main
+info: please complete authentication in your browser...
+Enumerating objects: 6, done.
+Counting objects: 100% (6/6), done.
+Delta compression using up to 16 threads
+Compressing objects: 100% (3/3), done.
+Writing objects: 100% (4/4), 347 bytes | 347.00 KiB/s, done.
+Total 4 (delta 1), reused 0 (delta 0), pack-reused 0 (from 0)
+remote: Resolving deltas: 100% (1/1), completed with 1 local object.
+To https://github.com/Ranit-2312/First-Repo.git
+   040cd1e..568c34c  main -> main
+PS C:\Users\RANIT\Desktop\git demo\First-Repo> git push origin main
+Everything up-to-date
+PS C:\Users\RANIT\Desktop\git demo\First-Repo> cd ..
+PS C:\Users\RANIT\Desktop\git demo> mkdir LocalRepo
+
+
+    Directory: C:\Users\RANIT\Desktop\git demo
+
+
+Mode                 LastWriteTime         Length Name
+----                 -------------         ------ ----
+d-----        14-07-2025     15:08                LocalRepo
+
+
+PS C:\Users\RANIT\Desktop\git demo> cd LocalRepo
+PS C:\Users\RANIT\Desktop\git demo\LocalRepo> ls -h
+PS C:\Users\RANIT\Desktop\git demo\LocalRepo> git init 
+Initialized empty Git repository in C:/Users/RANIT/Desktop/git demo/LocalRepo/.git/
+PS C:\Users\RANIT\Desktop\git demo\LocalRepo> ls -h
+
+
+    Directory: C:\Users\RANIT\Desktop\git demo\LocalRepo
+
+
+Mode                 LastWriteTime         Length Name
+----                 -------------         ------ ----
+d--h--        14-07-2025     15:08                .git
+
+
+PS C:\Users\RANIT\Desktop\git demo\LocalRepo> git status
+On branch master
+
+No commits yet
+
+Untracked files:
+  (use "git add <file>..." to include in what will be committed)
+        index.html
+        style.css
+
+nothing added to commit but untracked files present (use "git add" to track)
+PS C:\Users\RANIT\Desktop\git demo\LocalRepo> git add .
+PS C:\Users\RANIT\Desktop\git demo\LocalRepo> git status
+On branch master
+
+No commits yet
+
+Changes to be committed:
+  (use "git rm --cached <file>..." to unstage)
+        new file:   index.html
+        new file:   style.css
+
+PS C:\Users\RANIT\Desktop\git demo\LocalRepo> git commit -m "Add Initial Files"
+[master (root-commit) dcd49b0] Add Initial Files
+ 2 files changed, 4 insertions(+)
+ create mode 100644 index.html
+ create mode 100644 style.css
+PS C:\Users\RANIT\Desktop\git demo\LocalRepo> git status
+On branch master
+nothing to commit, working tree clean
+PS C:\Users\RANIT\Desktop\git demo\LocalRepo> git remote add origin https://github.com/Ranit-2312/LocalRepo.git
+PS C:\Users\RANIT\Desktop\git demo\LocalRepo> git remote -v
+origin  https://github.com/Ranit-2312/LocalRepo.git (fetch)
+origin  https://github.com/Ranit-2312/LocalRepo.git (push)
+PS C:\Users\RANIT\Desktop\git demo\LocalRepo> git branch
+* master
+PS C:\Users\RANIT\Desktop\git demo\LocalRepo> git branch -M main
+PS C:\Users\RANIT\Desktop\git demo\LocalRepo> git branch
+* main
+PS C:\Users\RANIT\Desktop\git demo\LocalRepo> git push -u origin main 
+Enumerating objects: 4, done.
+Counting objects: 100% (4/4), done.
+Delta compression using up to 16 threads
+Compressing objects: 100% (2/2), done.
+Writing objects: 100% (4/4), 314 bytes | 314.00 KiB/s, done.
+Total 4 (delta 0), reused 0 (delta 0), pack-reused 0 (from 0)
+To https://github.com/Ranit-2312/LocalRepo.git
+ * [new branch]      main -> main
+branch 'main' set up to track 'origin/main'.
+PS C:\Users\RANIT\Desktop\git demo\LocalRepo> git status
+On branch main
+Your branch is up to date with 'origin/main'.
+
+Untracked files:
+  (use "git add <file>..." to include in what will be committed)
+        README.md
+
+nothing added to commit but untracked files present (use "git add" to track)
+PS C:\Users\RANIT\Desktop\git demo\LocalRepo> git add .
+PS C:\Users\RANIT\Desktop\git demo\LocalRepo> cit commit -m "Add readme file"
+cit : The term 'cit' is not recognized as the name of a cmdlet, function, script file, or operable program. Check the    
+spelling of the name, or if a path was included, verify that the path is correct and try again.
+At line:1 char:1
++ cit commit -m "Add readme file"
++ ~~~
+    + CategoryInfo          : ObjectNotFound: (cit:String) [], CommandNotFoundException
+    + FullyQualifiedErrorId : CommandNotFoundException
+
+PS C:\Users\RANIT\Desktop\git demo\LocalRepo> git commit -m "Add Readme File"
+[main 6e73244] Add Readme File
+ 1 file changed, 1 insertion(+)
+ create mode 100644 README.md
+PS C:\Users\RANIT\Desktop\git demo\LocalRepo> git push
+Enumerating objects: 4, done.
+Counting objects: 100% (4/4), done.
+Delta compression using up to 16 threads
+Compressing objects: 100% (2/2), done.
+Writing objects: 100% (3/3), 340 bytes | 340.00 KiB/s, done.
+Total 3 (delta 0), reused 0 (delta 0), pack-reused 0 (from 0)
+To https://github.com/Ranit-2312/LocalRepo.git
+   dcd49b0..6e73244  main -> main
+PS C:\Users\RANIT\Desktop\git demo\LocalRepo> git add .
+PS C:\Users\RANIT\Desktop\git demo\LocalRepo> git commit -m "Fixed README.md" 
+[main 00c2b9a] Fixed README.md
+ 1 file changed, 1 insertion(+), 1 deletion(-)
+PS C:\Users\RANIT\Desktop\git demo\LocalRepo> git post
+git: 'post' is not a git command. See 'git --help'.
+
+The most similar command is
+        push
+PS C:\Users\RANIT\Desktop\git demo\LocalRepo> git push
+Enumerating objects: 5, done.
+Counting objects: 100% (5/5), done.
+Delta compression using up to 16 threads
+Compressing objects: 100% (2/2), done.
diff --git a/git tutorial.txt b/git tutorial.txt
new file mode 100644
index 0000000..4605d92
--- /dev/null
+++ b/git tutorial.txt
@@ -0,0 +1,246 @@
+PS C:\Users\RANIT\Desktop\git demo> git --version
+git version 2.49.0.windows.1
+PS C:\Users\RANIT\Desktop\git demo> git clone https://github.com/Ranit-2312/First-Repo.git
+Cloning into 'First-Repo'...
+remote: Enumerating objects: 9, done.
+remote: Counting objects: 100% (9/9), done.
+remote: Compressing objects: 100% (5/5), done.
+remote: Total 9 (delta 0), reused 0 (delta 0), pack-reused 0 (from 0)
+Receiving objects: 100% (9/9), done.
+PS C:\Users\RANIT\Desktop\git demo> cd First-Repo
PS C:\Users\RANIT\Desktop\git demo\LocalRepo> git merge main
Already up to date.
PS C:\Users\RANIT\Desktop\git demo\LocalRepo> git checkout main
Switched to branch 'main'
Your branch is up to date with 'origin/main'.
PS C:\Users\RANIT\Desktop\git demo\LocalRepo> git pull origin main
From https://github.com/Ranit-2312/LocalRepo
 * branch            main       -> FETCH_HEAD
Already up to date.
PS C:\Users\RANIT\Desktop\git demo\LocalRepo> git pull origin main
remote: Enumerating objects: 1, done.
remote: Counting objects: 100% (1/1), done.
remote: Total 1 (delta 0), reused 0 (delta 0), pack-reused 0 (from 0)
Unpacking objects: 100% (1/1), 896 bytes | 448.00 KiB/s, done.
From https://github.com/Ranit-2312/LocalRepo
 * branch            main       -> FETCH_HEAD
   00c2b9a..ec12b6b  main       -> origin/main
Updating 00c2b9a..ec12b6b
Fast-forward
 git tutorial.txt | 246 +++++++++++++++++++++++++++++++++++++++++++++++++++++++
 index.html       |   3 +-
 2 files changed, 248 insertions(+), 1 deletion(-)
 create mode 100644 git tutorial.txt
PS C:\Users\RANIT\Desktop\git demo\LocalRepo> git add .
PS C:\Users\RANIT\Desktop\git demo\LocalRepo> git commit -m "add button"
On branch main
Your branch is up to date with 'origin/main'.

nothing to commit, working tree clean
PS C:\Users\RANIT\Desktop\git demo\LocalRepo> git checkout feature1
Switched to branch 'feature1'
PS C:\Users\RANIT\Desktop\git demo\LocalRepo> git add .
PS C:\Users\RANIT\Desktop\git demo\LocalRepo> git commit -m "Add dropdown"
[feature1 4be4d32] Add dropdown
 1 file changed, 1 insertion(+), 1 deletion(-)
PS C:\Users\RANIT\Desktop\git demo\LocalRepo> git checkout main
Switched to branch 'main'
Your branch is up to date with 'origin/main'.
PS C:\Users\RANIT\Desktop\git demo\LocalRepo> git add .
PS C:\Users\RANIT\Desktop\git demo\LocalRepo> git commit -m "add button"  
On branch main
Your branch is up to date with 'origin/main'.

nothing to commit, working tree clean
PS C:\Users\RANIT\Desktop\git demo\LocalRepo> git diff feature1
diff --git a/index.html b/index.html
index 9e58270..a7aaf62 100644
--- a/index.html
+++ b/index.html
@@ -1,2 +1,2 @@
 <p> this is a new repo </p>
-<p>this is a new feature(dropdown)</p>
\ No newline at end of file
+<p>this is a new feature</p>
\ No newline at end of file
PS C:\Users\RANIT\Desktop\git demo\LocalRepo> git add .
PS C:\Users\RANIT\Desktop\git demo\LocalRepo> git commit -m "add button"
[main 1bf8aa3] add button
 1 file changed, 1 insertion(+), 1 deletion(-)
PS C:\Users\RANIT\Desktop\git demo\LocalRepo> git diff feature1
diff --git a/index.html b/index.html
index 9e58270..aadea64 100644
--- a/index.html
+++ b/index.html
@@ -1,2 +1,2 @@
 <p> this is a new repo </p>
-<p>this is a new feature(dropdown)</p>
\ No newline at end of file
+<p>this is a new feature(button)</p>
\ No newline at end of file
PS C:\Users\RANIT\Desktop\git demo\LocalRepo> git merge feature1
Auto-merging index.html
CONFLICT (content): Merge conflict in index.html
Automatic merge failed; fix conflicts and then commit the result.
PS C:\Users\RANIT\Desktop\git demo\LocalRepo> git satus
git: 'satus' is not a git command. See 'git --help'.

The most similar command is
        status
PS C:\Users\RANIT\Desktop\git demo\LocalRepo> git status
On branch main
Your branch is ahead of 'origin/main' by 1 commit.
  (use "git push" to publish your local commits)

You have unmerged paths.
  (fix conflicts and run "git commit")
  (use "git merge --abort" to abort the merge)

Unmerged paths:
  (use "git add <file>..." to mark resolution)
        both modified:   index.html

no changes added to commit (use "git add" and/or "git commit -a")
PS C:\Users\RANIT\Desktop\git demo\LocalRepo> git add .
PS C:\Users\RANIT\Desktop\git demo\LocalRepo> git commit -m "Add both features"
[main 29db6d9] Add both features
PS C:\Users\RANIT\Desktop\git demo\LocalRepo> git add .
PS C:\Users\RANIT\Desktop\git demo\LocalRepo> git add .
PS C:\Users\RANIT\Desktop\git demo\LocalRepo> git commit -m "Add both features"
On branch main
Your branch is ahead of 'origin/main' by 3 commits.
  (use "git push" to publish your local commits)

nothing to commit, working tree clean
PS C:\Users\RANIT\Desktop\git demo\LocalRepo> git diff
PS C:\Users\RANIT\Desktop\git demo\LocalRepo> git diff main
PS C:\Users\RANIT\Desktop\git demo\LocalRepo> git diff feature1
diff --git a/index.html b/index.html
index 9e58270..2625568 100644
--- a/index.html
+++ b/index.html
@@ -1,2 +1,3 @@
 <p> this is a new repo </p>
-<p>this is a new feature(dropdown)</p>
\ No newline at end of file
+<p>this is a new feature(button)</p>
+<p>this is a new feature(dropdown)</p>
PS C:\Users\RANIT\Desktop\git demo\LocalRepo> git checkout feature1 
Switched to branch 'feature1'
PS C:\Users\RANIT\Desktop\git demo\LocalRepo> git merge main
Updating 4be4d32..29db6d9
Fast-forward
 index.html | 3 ++-
 1 file changed, 2 insertions(+), 1 deletion(-)
PS C:\Users\RANIT\Desktop\git demo\LocalRepo> git push 
fatal: The current branch feature1 has no upstream branch.
To push the current branch and set the remote as upstream, use

    git push --set-upstream origin feature1

To have this happen automatically for branches without a tracking
upstream, see 'push.autoSetupRemote' in 'git help config'.

PS C:\Users\RANIT\Desktop\git demo\LocalRepo> git push --set-upstream origin feature1
Enumerating objects: 11, done.
Counting objects: 100% (11/11), done.
Delta compression using up to 16 threads
Compressing objects: 100% (9/9), done.
Writing objects: 100% (9/9), 820 bytes | 820.00 KiB/s, done.
Total 9 (delta 5), reused 0 (delta 0), pack-reused 0 (from 0)
remote: Resolving deltas: 100% (5/5), completed with 1 local object.
To https://github.com/Ranit-2312/LocalRepo.git
   5ded640..29db6d9  feature1 -> feature1
branch 'feature1' set up to track 'origin/feature1'.
PS C:\Users\RANIT\Desktop\git demo\LocalRepo> git branch
* feature1
  main
PS C:\Users\RANIT\Desktop\git demo\LocalRepo> git checkout main
Switched to branch 'main'
Your branch is ahead of 'origin/main' by 3 commits.
  (use "git push" to publish your local commits)
PS C:\Users\RANIT\Desktop\git demo\LocalRepo> git add .
PS C:\Users\RANIT\Desktop\git demo\LocalRepo> git status 
On branch main
Your branch is ahead of 'origin/main' by 3 commits.
  (use "git push" to publish your local commits)

Changes to be committed:
  (use "git restore --staged <file>..." to unstage)
        modified:   index.html

PS C:\Users\RANIT\Desktop\git demo\LocalRepo> git reset index.html
Unstaged changes after reset:
M       index.html
PS C:\Users\RANIT\Desktop\git demo\LocalRepo> git status
On branch main
Your branch is ahead of 'origin/main' by 3 commits.
  (use "git push" to publish your local commits)

Changes not staged for commit:
  (use "git add <file>..." to update what will be committed)
  (use "git restore <file>..." to discard changes in working directory)
        modified:   index.html

no changes added to commit (use "git add" and/or "git commit -a")
PS C:\Users\RANIT\Desktop\git demo\LocalRepo> git add .
PS C:\Users\RANIT\Desktop\git demo\LocalRepo> git commit -m "Delete button"
[main bd9d8a9] Delete button
 1 file changed, 1 deletion(-)
PS C:\Users\RANIT\Desktop\git demo\LocalRepo> git status
On branch main
Your branch is ahead of 'origin/main' by 4 commits.
  (use "git push" to publish your local commits)

nothing to commit, working tree clean
PS C:\Users\RANIT\Desktop\git demo\LocalRepo> git reset HEAD ~1
PS C:\Users\RANIT\Desktop\git demo\LocalRepo> git reset HEAD~1 
Unstaged changes after reset:
M       index.html
PS C:\Users\RANIT\Desktop\git demo\LocalRepo> git status
On branch main
Your branch is ahead of 'origin/main' by 3 commits.
  (use "git push" to publish your local commits)

Changes not staged for commit:
  (use "git add <file>..." to update what will be committed)
  (use "git restore <file>..." to discard changes in working directory)
        modified:   index.html

no changes added to commit (use "git add" and/or "git commit -a")
PS C:\Users\RANIT\Desktop\git demo\LocalRepo> git log
commit 29db6d9b21d4af58ad3f6a28a4b0df941761e4fc (HEAD -> main, origin/feature1, feature1)
Merge: 1bf8aa3 4be4d32
Author: Ranit-2312 <karmakarranit2312@gmail.com>
Date:   Tue Jul 15 09:36:14 2025 +0530

    Add both features

commit 1bf8aa3b3c4b131190645c39f49040af5e4e439d
Author: Ranit-2312 <karmakarranit2312@gmail.com>
Date:   Tue Jul 15 09:33:21 2025 +0530

    add button

commit 4be4d325ae2a26d9ed8ab332bca25269beeb43a0
Author: Ranit-2312 <karmakarranit2312@gmail.com>
Date:   Tue Jul 15 09:30:55 2025 +0530
PS C:\Users\RANIT\Desktop\git demo\LocalRepo> git reset 4be4d325ae2a26d9ed8ab332bca25269beeb43a0
Unstaged changes after reset:
M       index.html
PS C:\Users\RANIT\Desktop\git demo\LocalRepo> git status
On branch main
Your branch and 'origin/main' have diverged,
and have 1 and 1 different commits each, respectively.
  (use "git pull" if you want to integrate the remote branch with yours)

Changes not staged for commit:
  (use "git add <file>..." to update what will be committed)
  (use "git restore <file>..." to discard changes in working directory)
        modified:   index.html

no changes added to commit (use "git add" and/or "git commit -a")
PS C:\Users\RANIT\Desktop\git demo\LocalRepo> git log
commit 4be4d325ae2a26d9ed8ab332bca25269beeb43a0 (HEAD -> main)
Author: Ranit-2312 <karmakarranit2312@gmail.com>
Date:   Tue Jul 15 09:30:55 2025 +0530

    Add dropdown

commit 5ded6401dc29ca9a5a7a3a11bd955d3f02538b3c
Author: Ranit-2312 <karmakarranit2312@gmail.com>
Date:   Tue Jul 15 09:03:29 2025 +0530

    Add new feature

commit 00c2b9a85d5fa75204a6752fe50e3e5f7d525910
Author: Ranit-2312 <karmakarranit2312@gmail.com>
Date:   Mon Jul 14 15:26:48 2025 +0530

PS C:\Users\RANIT\Desktop\git demo\LocalRepo> git status
On branch main
Your branch and 'origin/main' have diverged,
and have 1 and 1 different commits each, respectively.
  (use "git pull" if you want to integrate the remote branch with yours)

Changes not staged for commit:
  (use "git add <file>..." to update what will be committed)
  (use "git restore <file>..." to discard changes in working directory)
        modified:   index.html

no changes added to commit (use "git add" and/or "git commit -a")
PS C:\Users\RANIT\Desktop\git demo\LocalRepo> git reset --hard  4be4d325ae2a26d9ed8ab332bca25269beeb43a0
HEAD is now at 4be4d32 Add dropdown
PS C:\Users\RANIT\Desktop\git demo\LocalRepo> git status
On branch main
Your branch and 'origin/main' have diverged,
and have 1 and 1 different commits each, respectively.
  (use "git pull" if you want to integrate the remote branch with yours)

nothing to commit, working tree clean
PS C:\Users\RANIT\Desktop\git demo\LocalRepo>